[206.81.1.69/index.html]
[backblue.gif]
[fade.gif]
[index.html]
[206.81.1.69/sites/all/themes/observatorio/favicon.ico]
[206.81.1.69/sites/default/files/js/js_TPpQ92zU-J3LZg-As_BhFHHP1F-zK8u1h_T8I8f9P6g.js]
[206.81.1.69/sites/default/files/js/js_SPF9sRbQny6Y6xYEa9vW6ikR_kuGs7fUsQmRGGhVvZw.js]
[206.81.1.69/sites/default/files/js/js_UVZfpfD_j2Cb0JJ8laa2x6gtzIJcVOxJpY-47TYlblE.js]
[206.81.1.69/sites/default/files/1_observatorio_-_voragem_da_historia_-_vista_da_exposicao.jpg]
[206.81.1.69/sites/default/files/2_observatorio_-_voragem_da_historia_-_lais_myrrha_marcha_lenta.jpg]
[206.81.1.69/sites/default/files/3_observatorio_-_voragem_da_historia_-_jaime_lauriano_terra_brasilis.jpg]
[206.81.1.69/sites/default/files/4_observatorio_-_voragem_da_historia_-_jaime_lauriano_terra_brasilis.jpg]
[206.81.1.69/sites/default/files/5_observatorio_-_voragem_da_historia_-_jaime_lauriano_terra_brasilis.jpg]
[206.81.1.69/sites/default/files/6_observatorio_-_voragem_da_historia_-_jaime_lauriano_terra_brasilis.jpg]
[206.81.1.69/sites/default/files/7_observatorio_-_voragem_da_historia_-_vista_da_exposicao.jpg]
[206.81.1.69/sites/default/files/8_observatorio_-_voragem_da_historia_-_jaime_lauriano_pavilhao.jpg]
[206.81.1.69/sites/default/files/9_observatorio_-_voragem_da_historia_-_jaime_lauriano_pavilhao_detalhe.jpg]
[206.81.1.69/sites/default/files/10_observatorio_-_voragem_da_historia_-_vista_da_exposicao.jpg]
[206.81.1.69/sites/default/files/11_observatorio_-_voragem_da_historia_-_daniel_de_paula_sistema_de_orbitas.jpg]
[206.81.1.69/sites/default/files/12_observatorio_-_voragem_da_historia_-_daniel_de_paula_sistema_de_orbitas.jpg]
[206.81.1.69/sites/default/files/13_observatorio_-_voragem_da_historia_-_vista_da_exposicao.jpg]
[206.81.1.69/sites/default/files/14_observatorio_-_voragem_da_historia_-_vista_da_exposicao.jpg]
[206.81.1.69/sites/default/files/15_observatorio_-_voragem_da_historia_-_jaime_lauriano_suplicio.jpg]
[206.81.1.69/sites/default/files/16_observatorio_-_voragem_da_historia_-_lais_myrrha_vortice_voragem_vertigem.jpg]
[206.81.1.69/sites/default/files/17_observatorio_-_voragem_da_historia_-_lais_myrrha_vortice_voragem_vertigem.jpg]
[206.81.1.69/sites/default/files/18_observatorio_-_voragem_da_historia_-_lais_myrrha_vortice_voragem_vertigem.jpg]
[206.81.1.69/sites/default/files/19_observatorio_-_voragem_da_historia_-_daniel_de_paula_dispersao_e_dominacao.jpg]
[206.81.1.69/sites/default/files/20_observatorio_-_voragem_da_historia_-_daniel_de_paula_dispersao_e_dominacao.jpg]
[206.81.1.69/sites/default/files/24_observatorio_-_voragem_da_historia_-_daniel_de_paula_dispersao_e_dominacao.jpg]
[206.81.1.69/sites/default/files/23_observatorio_-_voragem_da_historia_-_daniel_de_paula_dispersao_e_dominacao.jpg]
[206.81.1.69/sites/default/files/22_observatorio_-_voragem_da_historia_-_daniel_de_paula_dispersao_e_dominacao.jpg]
[206.81.1.69/sites/default/files/21_observatorio_-_voragem_da_historia_-_daniel_de_paula_dispersao_e_dominacao.jpg]
[206.81.1.69/sites/default/files/25_observatorio_-_voragem_da_historia_-_daniel_de_paula_dispersao_e_dominacao.jpg]
[206.81.1.69/sites/default/files/26_observatorio_-_voragem_da_historia_-_daniel_de_paula_estado_de_colisao.jpg]
[206.81.1.69/sites/default/files/27_observatorio_-_voragem_da_historia_-_daniel_de_paula_estado_de_colisao.jpg]
[206.81.1.69/sites/default/files/28_observatorio_-_voragem_da_historia_-_daniel_de_paula_estado_de_colisao.jpg]
[206.81.1.69/sites/default/files/27-2_observatorio_-_voragem_da_historia_-_daniel_de_paula_estado_de_colisao.jpg]
[206.81.1.69/sites/default/files/29_observatorio_-_voragem_da_historia_-_lais_myrrha_coluna_infinita.jpg]
[206.81.1.69/sites/default/files/1_observatorio_-_acareacao_-_bruno_baptistelli_aquitafoda_i.jpg]
[206.81.1.69/sites/default/files/2_observatorio_-_acareacao_-_bruno_baptistelli_aquitafoda_i_0.jpg]
[206.81.1.69/sites/default/files/3_observatorio_-_acareacao_-_bruno_baptistelli_aquitafoda_i_0.jpg]
[206.81.1.69/sites/default/files/4_observatorio_-_acareacao_-_bruno_baptistelli_aquitafoda_ii_0.jpg]
[206.81.1.69/sites/default/files/5_observatorio_-_acareacao_-_bruno_baptistelli_aquitafoda_ii_0.jpg]
[206.81.1.69/sites/default/files/6_observatorio_-_acareacao_-_vista_da_exposicao_0.jpg]
[206.81.1.69/sites/default/files/7_observatorio_-_acareacao_-_marcelo_cidade_desvio_pos-estruturalista_das_causas_transcendentais_para_os_efeitos_imanentes_0.jpg]
[206.81.1.69/sites/default/files/8_observatorio_-_acareacao_-_marcelo_cidade_desvio_pos-estruturalista_das_causas_transcendentais_para_os_efeitos_imanentes.jpg]
[206.81.1.69/sites/default/files/9_observatorio_-_acareacao_-_marcelo_cidade_desvio_pos-estruturalista_das_causas_transcendentais_para_os_efeitos_imanentes.jpg]
[206.81.1.69/sites/default/files/10_observatorio_-_acareacao_-_marcelo_cidade_desvio_pos-estruturalista_das_causas_transcendentais_para_os_efeitos_imanentes.jpg]
[206.81.1.69/sites/default/files/11_observatorio_-_acareacao_-_debora_bolsoni_lancas.jpg]
[206.81.1.69/sites/default/files/12_observatorio_-_acareacao_-_debora_bolsoni_lancas.jpg]
[206.81.1.69/sites/default/files/13_observatorio_-_acareacao_-_debora_bolsoni_lancas.jpg]
[206.81.1.69/sites/default/files/14_observatorio_-_acareacao_-_debora_bolsoni_lancas.jpg]
[206.81.1.69/sites/default/files/15_observatorio_-_acareacao_-_debora_bolsoni_lancas.jpg]
[206.81.1.69/sites/default/files/16_observatorio_-_acareacao_-_debora_bolsoni_lancas.jpg]
[206.81.1.69/sites/default/files/17_-_observatorio_-_acareacao_-_anton_steenbock_dematerialization_is_coming.jpg]
[206.81.1.69/sites/default/files/18_-_observatorio_-_acareacao_-_anton_steenbock_dematerialization_is_coming.jpg]
[206.81.1.69/sites/default/files/19_-_observatorio_-_acareacao_-_anton_steenbock_dematerialization_is_coming.jpg]
[206.81.1.69/sites/default/files/20_-_observatorio_-_acareacao_-_anton_steenbock_dematerialization_is_coming.jpg]
[206.81.1.69/sites/default/files/21_observatorio_-_acareacao_-_debora_bolsoni_hexagrama11.jpg]
[206.81.1.69/sites/default/files/22_observatorio_-_acareacao_-_debora_bolsoni_hexagrama11.jpg]
[206.81.1.69/sites/default/files/23_observatorio_-_acareacao_-_vista_da_exposicao.jpg]
[206.81.1.69/sites/default/files/24_observatorio_-_acareacao_-_24_observatorio_-_acareacao_-_graziela_kunsch_ensaio_ilu_oba_de_min.jpg]
[206.81.1.69/sites/default/files/25_observatorio_-_acareacao_-_24_observatorio_-_acareacao_-_graziela_kunsch_rampa_para_moradores_de_rua.jpg]
[206.81.1.69/sites/default/files/26_observatorio_-_acareacao_-_vista_da_exposicao.jpg]
[206.81.1.69/sites/default/files/27_observatorio_-_acareacao_-_nicolas_robbio_possiveis_pontos_de_vista_sobre_uma_paisagem_aleatoria.jpg]
[206.81.1.69/sites/default/files/28_observatorio_-_acareacao_-_nicolas_robbio_desenho.jpg]
[206.81.1.69/sites/default/files/29_observatorio_-_acareacao_-_jonathas_de_andrade_o_levante.jpg]
[206.81.1.69/sites/default/files/30_observatorio_-_acareacao_-_jonathas_de_andrade_o_levante.jpg]
[206.81.1.69/sites/default/files/31_observatorio_-_acareacao_-_jonathas_de_andrade_o_levante.jpg]
[206.81.1.69/sites/default/files/32_observatorio_-_acareacao_-_adirley_queiros_a_cidade_e_uma_so.jpg]
[206.81.1.69/sites/default/files/1_observatorio_-_hipotese_e_horizonte_-_rafael_rg_quando_ilhas_moventes_se_encontram_elas_formam_um_continente.jpg]
[206.81.1.69/sites/default/files/2_observatorio_-_hipotese_e_horizonte_-_rafael_rg_quando_ilhas_moventes_se_encontram_elas_formam_um_continente2.jpg]
[206.81.1.69/sites/default/files/3_observatorio_-_hipotese_e_horizonte_-_rafael_rg_quando_ilhas_moventes_se_encontram_elas_formam_um_continente3.jpg]
[206.81.1.69/sites/default/files/4_observatorio_-_hipotese_e_horizonte_-_rafael_rg_quando_ilhas_moventes_se_encontram_elas_formam_um_continente4.jpg]
[206.81.1.69/sites/default/files/5_observatorio_-_hipotese_e_horizonte_-_vista_da_exposicao.jpg]
[206.81.1.69/sites/default/files/6_observatorio_-_hipotese_e_horizonte_-_renata_de_bonis_dormente_vi_e_vii.jpg]
[206.81.1.69/sites/default/files/7_observatorio_-_hipotese_e_horizonte_-_renata_de_bonis_dormente_vi_e_vii_2.jpg]
[206.81.1.69/sites/default/files/8_observatorio_-_hipotese_e_horizonte_-_renata_de_bonis_dormente_vi_e_vii3.jpg]
[206.81.1.69/sites/default/files/9_observatorio_-_hipotese_e_horizonte_-_ricardo_carioba_resistencia_invertida.jpg]
[206.81.1.69/sites/default/files/10_observatorio_-_hipotese_e_horizonte_-_ricardo_carioba_resistencia_invertida2.jpg]
[206.81.1.69/sites/default/files/11_observatorio_-_hipotese_e_horizonte_-_ricardo_carioba_resistencia_invertida3.jpg]
[206.81.1.69/sites/default/files/12_observatorio_-_hipotese_e_horizonte_-_janaina_wagner_civilizacao_prancha.jpg]
[206.81.1.69/sites/default/files/13_observatorio_-_hipotese_e_horizonte_-_janaina_wagner_civilizacao_prancha2.jpg]
[206.81.1.69/sites/default/files/14_observatorio_-_hipotese_e_horizonte_-_janaina_wagner_civilizacao_prancha3.jpg]
[206.81.1.69/sites/default/files/15_observatorio_-_hipotese_e_horizonte_-_ricardo_carioba_vibracao_e_monumento.jpg]
[206.81.1.69/sites/default/files/15.2_observatorio_-_hipotese_e_horizonte_-_ricardo_carioba_vibracao_e_monumento.jpg]
[206.81.1.69/sites/default/files/16_observatorio_-_hipotese_e_horizonte_-_ricardo_carioba_vibracao_e_monumento2.jpg]
[206.81.1.69/sites/default/files/17_observatorio_-_hipotese_e_horizonte_-_fabio_tremonte_epidemia-fumaca.jpg]
[206.81.1.69/sites/default/files/18_observatorio_-_hipotese_e_horizonte_-_renata_de_bonis_avante.jpg]
[206.81.1.69/sites/default/files/19_observatorio_-_hipotese_e_horizonte_-_renata_de_bonis_avante2.jpg]
[206.81.1.69/sites/default/files/20_observatorio_-_hipotese_e_horizonte_-_renata_de_bonis_avante3.jpg]
[206.81.1.69/sites/default/files/21_observatorio_-_hipotese_e_horizonte_-_janaina_wagner_anunciancao_o_futuro_ja_comecou.jpg]
[206.81.1.69/sites/default/files/22_observatorio_-_hipotese_e_horizonte_-_janaina_wagner_anunciancao_o_futuro_ja_comecou2.jpg]
[206.81.1.69/sites/default/files/23_observatorio_-_hipotese_e_horizonte_-_janaina_wagner_anunciancao_o_futuro_ja_comecou3.jpg]
[206.81.1.69/sites/default/files/24_observatorio_-_hipotese_e_horizonte_-_janaina_wagner_anunciancao_o_futuro_ja_comecou4.jpg]
[206.81.1.69/sites/default/files/25_observatorio_-_hipotese_e_horizonte_-_adriano_amara_sem_titulo.jpg]
[206.81.1.69/sites/default/files/26_observatorio_-_hipotese_e_horizonte_-_adriano_amara_sem_titulo2.jpg]
[206.81.1.69/sites/default/files/27_observatorio_-_hipotese_e_horizonte_-_janaina_wagner_terra_deu_terra_come.jpg]
[206.81.1.69/sites/default/files/28_observatorio_-_hipotese_e_horizonte_-_vista_da_exposicao.jpg]
[206.81.1.69/sites/default/files/29_observatorio_-_hipotese_e_horizonte_-_adriano_amara_sem_titulo.jpg]
[206.81.1.69/sites/default/files/30_observatorio_-_hipotese_e_horizonte_-_adriano_amara_sem_titulo2.jpg]
[206.81.1.69/sites/default/files/31_observatorio_-_hipotese_e_horizonte_-_janaina_wagner_civilizacao_humano_e_maquina.jpg]
[206.81.1.69/sites/default/files/32_observatorio_-_hipotese_e_horizonte_-_vista_da_exposicao.jpg]
[206.81.1.69/sites/default/files/33_observatorio_-_hipotese_e_horizonte_-_vista_da_exposicao.jpg]
[206.81.1.69/sites/default/files/34_observatorio_-_hipotese_e_horizonte_-_matheus_rocha_pitta_laje_68_refugiados.jpg]
[206.81.1.69/sites/default/files/35_observatorio_-_hipotese_e_horizonte_-_deyson_gilber_catarata_oto_-_222-3-7422.jpg]
[206.81.1.69/sites/default/files/36_observatorio_-_hipotese_e_horizonte_-_deyson_gilber_catarata_oto_-_222-3-74222.jpg]
[206.81.1.69/sites/default/files/37_observatorio_-_hipotese_e_horizonte_-_deyson_gilber_catarata_oto_-_222-3-74223.jpg]
[206.81.1.69/sites/default/files/38_observatorio_-_hipotese_e_horizonte_-_deyson_gilber_catarata_oto_-_222-3-74224.jpg]
[206.81.1.69/sites/default/files/39_observatorio_-_hipotese_e_horizonte_-_deyson_gilber_catarata_oto_-_222-3-74225.jpg]
[206.81.1.69/sites/default/files/40_observatorio_-_hipotese_e_horizonte_-_deyson_gilber_catarata_oto_-_222-3-74226.jpg]
[206.81.1.69/sites/default/files/41_observatorio_-_hipotese_e_horizonte_-_deyson_gilber_catarata_oto_-_222-3-74227.jpg]
[206.81.1.69/sites/default/files/42_observatorio_-_hipotese_e_horizonte_-_deyson_gilber_catarata_oto_-_222-3-74228.jpg]
[206.81.1.69/sites/default/files/43_observatorio_-_hipotese_e_horizonte_-_fabio_tremonte_ninguem_escapara_a_queda_do_ceu.jpg]
[206.81.1.69/sites/default/files/44_observatorio_-_hipotese_e_horizonte_-_fabio_tremonte_ninguem_escapara_a_queda_do_ceu2.jpg]
[206.81.1.69/sites/all/themes/observatorio/assets/images/vgr.png]
[206.81.1.69/sites/all/themes/observatorio/assets/images/vgrhover.png]
[206.81.1.69/index.html]
[206.81.1.69/sites/default/files/css/css_kShW4RPmRstZ3SpIC-ZvVGNFVAi0WEMuCnI0ZkYIaFw.css]
[206.81.1.69/sites/default/files/css/css_hFC-VOe0wdKw2fEoLiDmBwN2H2GfvZABVolycsXSAMw.css]
[206.81.1.69/sites/all/modules/contrib/ckeditor/images/tick.png]
[206.81.1.69/sites/all/modules/contrib/ckeditor/images/delete.png]
[206.81.1.69/sites/all/modules/contrib/ctools/images/status-active.gif]
[206.81.1.69/sites/default/files/css/css_AFNnEjvDR5CvJkNKTljzBrlXpHTR2BYWPNnWbH1OEx4.css]
[206.81.1.69/sites/all/themes/observatorio/assets/stylesheets/bootstrap/glyphicons-halflings-regular.eot]
[206.81.1.69/sites/all/themes/observatorio/assets/stylesheets/bootstrap/glyphicons-halflings-regulard41d.eot]
[206.81.1.69/sites/all/themes/observatorio/assets/stylesheets/bootstrap/glyphicons-halflings-regular.woff]
[206.81.1.69/sites/all/themes/observatorio/assets/stylesheets/bootstrap/glyphicons-halflings-regular.ttf]
[206.81.1.69/sites/all/themes/observatorio/assets/stylesheets/bootstrap/glyphicons-halflings-regular.svg]
[206.81.1.69/sites/all/themes/observatorio/assets/fonts/fontawesome-webfonte0a5.eot]
[206.81.1.69/sites/all/themes/observatorio/assets/fonts/fontawesome-webfontd41d.eot]
[206.81.1.69/sites/all/themes/observatorio/assets/fonts/fontawesome-webfonte0a5.woff2]
[206.81.1.69/sites/all/themes/observatorio/assets/fonts/fontawesome-webfonte0a5.woff]
[206.81.1.69/sites/all/themes/observatorio/assets/fonts/fontawesome-webfonte0a5.ttf]
[206.81.1.69/sites/all/themes/observatorio/assets/images/icon/icon-panopoly.png]
[206.81.1.69/sites/all/themes/observatorio/assets/images/icon/icon-panopoly-active.png]
[206.81.1.69/sites/all/themes/observatorio/assets/images/icon/icon-apps.png]
[206.81.1.69/sites/all/themes/observatorio/assets/images/icon/icon-apps-active.png]
[206.81.1.69/sites/all/themes/observatorio/assets/images/throbberfb33.gif]
[206.81.1.69/sites/all/themes/observatorio/assets/fonts/din2dc16.ttf]
[206.81.1.69/sites/default/files/css/css_uB77O8GFXXg4EF3AIWjF9gi0sRgKIIPWdXB1JQqSYuk.css]
[206.81.1.69/sites/default/files/css/css_47DEQpj8HBSa-_TImW-5JCeuQeRkm5NMpJWZG3hSuFU.css]
[206.81.1.69/sites/all/themes/observatorio/assets/images/logo.svg]
[206.81.1.69/sites/default/files/4_observatorio_-_voragem_da_historia_-_jaime_lauriano_terra_brasilis.jpg]
[206.81.1.69/sites/default/files/6_observatorio_-_voragem_da_historia_-_jaime_lauriano_terra_brasilis.jpg]
[206.81.1.69/sites/all/themes/observatorio/assets/stylesheets/bootstrap/glyphicons-halflings-regular.html]
[206.81.1.69/sites/all/themes/observatorio/assets/stylesheets/bootstrap/glyphicons-halflings-regulard41d.html]
[206.81.1.69/sites/all/themes/observatorio/assets/stylesheets/bootstrap/glyphicons-halflings-regular-2.html]
[206.81.1.69/sites/all/themes/observatorio/assets/stylesheets/bootstrap/glyphicons-halflings-regular-3.html]
[206.81.1.69/sites/all/themes/observatorio/assets/stylesheets/bootstrap/glyphicons-halflings-regular-4.html]
[206.81.1.69/sites/all/themes/observatorio/assets/fonts/fontawesome-webfonte0a5.svg]
[206.81.1.69/sites/all/themes/observatorio/assets/images/cursor.svg]
